==============================================================================
SSL CERTIFICATE GENERATION
==============================================================================
Certificate directory: /etc/ssl/cluster
Certificate validity: 3650 days
Time: Fri Jun 19 16:38:29 UTC 2026
Cluster name: flux-redis-cluster
Node IP: 172.20.0.11
Cluster IPs: 172.20.0.10 172.20.0.11 172.20.0.12
==============================================================================
GENERATING ROOT CA
==============================================================================
Generating deterministic key for service: ca
Generated key: /etc/ssl/cluster/ca/ca.key
==============================================================================
GENERATING REDIS CERTIFICATES
==============================================================================
Generating deterministic key for service: redis-server
Generated key: /etc/ssl/cluster/redis/server.key
Signed certificate: /etc/ssl/cluster/redis/server.crt
==============================================================================
GENERATING SENTINEL CERTIFICATES
==============================================================================
Generating deterministic key for service: redis-sentinel
Generated key: /etc/ssl/cluster/sentinel/server.key
Signed certificate: /etc/ssl/cluster/sentinel/server.crt
==============================================================================
GENERATING PROXY CERTIFICATES
==============================================================================
Generating deterministic key for service: redis-proxy
Generated key: /etc/ssl/cluster/proxy/server.key
Signed certificate: /etc/ssl/cluster/proxy/server.crt
==============================================================================
SETTING PERMISSIONS
==============================================================================
Certificate generation completed successfully!
==============================================================================
2026-06-19 16:38:32,037 INFO Included extra file "/etc/supervisor/conf.d/supervisord.conf" during parsing
2026-06-19 16:38:32,037 INFO Set uid to user 0 succeeded
2026-06-19 16:38:32,060 INFO RPC interface 'supervisor' initialized
2026-06-19 16:38:32,061 CRIT Server 'unix_http_server' running without any HTTP authentication checking
2026-06-19 16:38:32,061 INFO supervisord started with pid 1
2026-06-19 16:38:33,081 INFO spawned: 'redis' with pid 101
2026-06-19 16:38:33,088 INFO spawned: 'sentinel' with pid 102
2026-06-19 16:38:33,098 INFO spawned: 'updater' with pid 103
2026-06-19 16:38:33,101 INFO spawned: 'proxy' with pid 104
2026-06-19 16:38:33,106 DEBG 'sentinel' stdout output:
102:X 19 Jun 2026 16:38:33.103 # oO0OoO0OoO0Oo Redis is starting oO0OoO0OoO0Oo
102:X 19 Jun 2026 16:38:33.103 # Redis version=6.0.16, bits=64, commit=00000000, modified=0, pid=102, just started
102:X 19 Jun 2026 16:38:33.103 # Configuration loaded

2026-06-19 16:38:33,110 DEBG 'sentinel' stdout output:
102:X 19 Jun 2026 16:38:33.109 * Running mode=sentinel, port=26379.

2026-06-19 16:38:33,120 DEBG 'redis' stdout output:
101:C 19 Jun 2026 16:38:33.119 # oO0OoO0OoO0Oo Redis is starting oO0OoO0OoO0Oo
101:C 19 Jun 2026 16:38:33.119 # Redis version=6.0.16, bits=64, commit=00000000, modified=0, pid=101, just started
101:C 19 Jun 2026 16:38:33.119 # Configuration loaded

2026-06-19 16:38:33,135 DEBG 'sentinel' stdout output:
102:X 19 Jun 2026 16:38:33.134 # Sentinel ID is 074ba3476322559d0909932848d2959a7866e5b2
102:X 19 Jun 2026 16:38:33.134 # +monitor master flux-redis-cluster 172.20.0.10 6379 quorum 2

2026-06-19 16:38:33,142 DEBG 'redis' stdout output:
101:S 19 Jun 2026 16:38:33.142 * Running mode=standalone, port=6379.
101:S 19 Jun 2026 16:38:33.142 # Server initialized
101:S 19 Jun 2026 16:38:33.142 # WARNING overcommit_memory is set to 0! Background save may fail under low memory condition. To fix this issue add 'vm.overcommit_memory = 1' to /etc/sysctl.conf and then reboot or run the command 'sysctl vm.overcommit_memory=1' for this to take effect.

2026-06-19 16:38:33,145 DEBG 'redis' stdout output:
101:S 19 Jun 2026 16:38:33.142 * Ready to accept connections
101:S 19 Jun 2026 16:38:33.142 * Connecting to MASTER 172.20.0.10:6379
101:S 19 Jun 2026 16:38:33.143 * MASTER <-> REPLICA sync started
101:S 19 Jun 2026 16:38:33.143 # Error condition on socket for SYNC: (null)

2026-06-19 16:38:34,166 DEBG 'redis' stdout output:
101:S 19 Jun 2026 16:38:34.150 * Connecting to MASTER 172.20.0.10:6379
101:S 19 Jun 2026 16:38:34.150 * MASTER <-> REPLICA sync started

2026-06-19 16:38:34,166 INFO success: redis entered RUNNING state, process has stayed up for > than 1 seconds (startsecs)
2026-06-19 16:38:34,166 INFO success: sentinel entered RUNNING state, process has stayed up for > than 1 seconds (startsecs)
2026-06-19 16:38:34,166 INFO success: updater entered RUNNING state, process has stayed up for > than 1 seconds (startsecs)
2026-06-19 16:38:34,166 INFO success: proxy entered RUNNING state, process has stayed up for > than 1 seconds (startsecs)
2026-06-19 16:38:34,180 DEBG 'redis' stdout output:
101:S 19 Jun 2026 16:38:34.180 * Non blocking connect for SYNC fired the event.

2026-06-19 16:38:34,201 DEBG 'redis' stdout output:
101:S 19 Jun 2026 16:38:34.198 * Master replied to PING, replication can continue...

2026-06-19 16:38:34,204 DEBG 'redis' stdout output:
101:S 19 Jun 2026 16:38:34.203 * Partial resynchronization not possible (no cached master)

2026-06-19 16:38:34,204 DEBG 'redis' stdout output:
101:S 19 Jun 2026 16:38:34.204 * Full resync from master: 0f0b2ae1fa8440d97121a71842b89d7f1bd30927:0

2026-06-19 16:38:34,272 DEBG 'redis' stdout output:
101:S 19 Jun 2026 16:38:34.266 * MASTER <-> REPLICA sync: receiving 176 bytes from master to disk
101:S 19 Jun 2026 16:38:34.267 * MASTER <-> REPLICA sync: Flushing old data
101:S 19 Jun 2026 16:38:34.271 * MASTER <-> REPLICA sync: Loading DB in memory

2026-06-19 16:38:34,302 DEBG 'redis' stdout output:
101:S 19 Jun 2026 16:38:34.297 * Loading RDB produced by version 6.0.16
101:S 19 Jun 2026 16:38:34.297 * RDB age 0 seconds
101:S 19 Jun 2026 16:38:34.297 * RDB memory usage when created 1.95 Mb
101:S 19 Jun 2026 16:38:34.297 * MASTER <-> REPLICA sync: Finished with success

2026-06-19 16:38:34,313 DEBG 'redis' stdout output:
101:S 19 Jun 2026 16:38:34.312 * Background append only file rewriting started by pid 115

2026-06-19 16:38:34,454 DEBG 'redis' stdout output:
101:S 19 Jun 2026 16:38:34.424 * AOF rewrite child asks to stop sending diffs.
115:C 19 Jun 2026 16:38:34.427 * Parent agreed to stop sending diffs. Finalizing AOF...
115:C 19 Jun 2026 16:38:34.427 * Concatenating 0.00 MB of AOF diff received from parent.
115:C 19 Jun 2026 16:38:34.438 * SYNC append only file rewrite performed

2026-06-19 16:38:34,475 DEBG 'redis' stdout output:
115:C 19 Jun 2026 16:38:34.470 * AOF rewrite: 0 MB of memory used by copy-on-write

2026-06-19 16:38:34,566 DEBG 'redis' stdout output:
101:S 19 Jun 2026 16:38:34.566 * Background AOF rewrite terminated with success
101:S 19 Jun 2026 16:38:34.566 * Residual parent diff successfully flushed to the rewritten AOF (0.00 MB)
101:S 19 Jun 2026 16:38:34.566 * Background AOF rewrite finished successfully

2026-06-19 16:38:35,763 DEBG 'sentinel' stdout output:
102:X 19 Jun 2026 16:38:35.753 * +sentinel sentinel b00fbc99a46e9ab69da2ef91a6bf755e45ed07e0 172.20.0.12 26379 @ flux-redis-cluster 172.20.0.10 6379

2026-06-19 16:38:35,964 DEBG 'sentinel' stdout output:
102:X 19 Jun 2026 16:38:35.964 * +sentinel sentinel c3aede038cfc4068834de3b45c8a6b99ea8ef52b 172.20.0.10 26379 @ flux-redis-cluster 172.20.0.10 6379

2026-06-19 16:38:43,266 DEBG 'proxy' stderr output:
2026/06/19 16:38:43 Starting flux-agent proxy on :6380

2026-06-19 16:38:43,287 DEBG 'proxy' stderr output:
2026/06/19 16:38:43 proxy: master changed: "" -> "172.20.0.10"

2026-06-19 16:38:44,323 DEBG 'sentinel' stdout output:
102:X 19 Jun 2026 16:38:44.304 * +slave slave 172.20.0.11:6379 172.20.0.11 6379 @ flux-redis-cluster 172.20.0.10 6379

2026-06-19 16:38:44,394 DEBG 'sentinel' stdout output:
102:X 19 Jun 2026 16:38:44.393 * +slave slave 172.20.0.12:6379 172.20.0.12 6379 @ flux-redis-cluster 172.20.0.10 6379

2026-06-19 16:38:46,001 DEBG 'redis' stdout output:
101:S 19 Jun 2026 16:38:46.001 # Connection with master lost.
101:S 19 Jun 2026 16:38:46.001 * Caching the disconnected master state.

2026-06-19 16:38:46,785 DEBG 'redis' stdout output:
101:S 19 Jun 2026 16:38:46.783 * Connecting to MASTER 172.20.0.10:6379
101:S 19 Jun 2026 16:38:46.783 * MASTER <-> REPLICA sync started

2026-06-19 16:38:48,154 DEBG 'updater' stderr output:
2026/06/19 16:38:48 Starting updater daemon for flux-redis-cluster

2026-06-19 16:38:52,164 DEBG 'sentinel' stdout output:
102:X 19 Jun 2026 16:38:52.155 # +sdown master flux-redis-cluster 172.20.0.10 6379
102:X 19 Jun 2026 16:38:52.155 # +sdown sentinel c3aede038cfc4068834de3b45c8a6b99ea8ef52b 172.20.0.10 26379 @ flux-redis-cluster 172.20.0.10 6379

2026-06-19 16:38:52,390 DEBG 'sentinel' stdout output:
102:X 19 Jun 2026 16:38:52.389 # +new-epoch 1

2026-06-19 16:38:52,398 DEBG 'sentinel' stdout output:
102:X 19 Jun 2026 16:38:52.398 # +vote-for-leader b00fbc99a46e9ab69da2ef91a6bf755e45ed07e0 1

2026-06-19 16:38:53,318 DEBG 'sentinel' stdout output:
102:X 19 Jun 2026 16:38:53.287 # +odown master flux-redis-cluster 172.20.0.10 6379 #quorum 2/2
102:X 19 Jun 2026 16:38:53.287 # Next failover delay: I will not start a failover before Fri Jun 19 16:39:12 2026

2026-06-19 16:39:12,424 DEBG 'sentinel' stdout output:
102:X 19 Jun 2026 16:39:12.424 # +new-epoch 2

2026-06-19 16:39:12,429 DEBG 'sentinel' stdout output:
102:X 19 Jun 2026 16:39:12.429 # +vote-for-leader b00fbc99a46e9ab69da2ef91a6bf755e45ed07e0 2
102:X 19 Jun 2026 16:39:12.429 # Next failover delay: I will not start a failover before Fri Jun 19 16:39:33 2026

2026-06-19 16:39:32,620 DEBG 'sentinel' stdout output:
102:X 19 Jun 2026 16:39:32.619 # +new-epoch 3

2026-06-19 16:39:32,628 DEBG 'sentinel' stdout output:
102:X 19 Jun 2026 16:39:32.628 # +vote-for-leader b00fbc99a46e9ab69da2ef91a6bf755e45ed07e0 3

2026-06-19 16:39:32,667 DEBG 'sentinel' stdout output:
102:X 19 Jun 2026 16:39:32.666 # Next failover delay: I will not start a failover before Fri Jun 19 16:39:53 2026

2026-06-19 16:39:47,906 DEBG 'redis' stdout output:
101:S 19 Jun 2026 16:39:47.905 # Timeout connecting to the MASTER...
101:S 19 Jun 2026 16:39:47.905 * Connecting to MASTER 172.20.0.10:6379
101:S 19 Jun 2026 16:39:47.905 * MASTER <-> REPLICA sync started

2026-06-19 16:39:48,133 DEBG 'redis' stdout output:
101:S 19 Jun 2026 16:39:48.132 # Error condition on socket for SYNC: (null)

2026-06-19 16:39:48,910 DEBG 'redis' stdout output:
101:S 19 Jun 2026 16:39:48.910 * Connecting to MASTER 172.20.0.10:6379

2026-06-19 16:39:48,911 DEBG 'redis' stdout output:
101:S 19 Jun 2026 16:39:48.910 * MASTER <-> REPLICA sync started

2026-06-19 16:39:51,270 DEBG 'redis' stdout output:
101:S 19 Jun 2026 16:39:51.268 # Error condition on socket for SYNC: (null)

2026-06-19 16:39:52,058 DEBG 'redis' stdout output:
101:S 19 Jun 2026 16:39:52.058 * Connecting to MASTER 172.20.0.10:6379
101:S 19 Jun 2026 16:39:52.058 * MASTER <-> REPLICA sync started

2026-06-19 16:39:52,679 DEBG 'sentinel' stdout output:
102:X 19 Jun 2026 16:39:52.678 # +new-epoch 4

2026-06-19 16:39:52,688 DEBG 'sentinel' stdout output:
102:X 19 Jun 2026 16:39:52.688 # +vote-for-leader b00fbc99a46e9ab69da2ef91a6bf755e45ed07e0 4
102:X 19 Jun 2026 16:39:52.688 # Next failover delay: I will not start a failover before Fri Jun 19 16:40:13 2026

2026-06-19 16:39:54,405 DEBG 'redis' stdout output:
101:S 19 Jun 2026 16:39:54.404 # Error condition on socket for SYNC: (null)

2026-06-19 16:39:55,096 DEBG 'redis' stdout output:
101:S 19 Jun 2026 16:39:55.095 * Connecting to MASTER 172.20.0.10:6379
101:S 19 Jun 2026 16:39:55.096 * MASTER <-> REPLICA sync started

2026-06-19 16:39:57,541 DEBG 'redis' stdout output:
101:S 19 Jun 2026 16:39:57.541 # Error condition on socket for SYNC: (null)

2026-06-19 16:39:58,174 DEBG 'redis' stdout output:
101:S 19 Jun 2026 16:39:58.174 * Connecting to MASTER 172.20.0.10:6379
101:S 19 Jun 2026 16:39:58.174 * MASTER <-> REPLICA sync started

2026-06-19 16:40:00,682 DEBG 'redis' stdout output:
101:S 19 Jun 2026 16:40:00.677 # Error condition on socket for SYNC: (null)

2026-06-19 16:40:01,366 DEBG 'redis' stdout output:
101:S 19 Jun 2026 16:40:01.340 * Connecting to MASTER 172.20.0.10:6379
101:S 19 Jun 2026 16:40:01.340 * MASTER <-> REPLICA sync started

2026-06-19 16:40:03,819 DEBG 'redis' stdout output:
101:S 19 Jun 2026 16:40:03.814 # Error condition on socket for SYNC: (null)

2026-06-19 16:40:04,589 DEBG 'redis' stdout output:
101:S 19 Jun 2026 16:40:04.589 * Connecting to MASTER 172.20.0.10:6379
101:S 19 Jun 2026 16:40:04.589 * MASTER <-> REPLICA sync started

2026-06-19 16:40:06,953 DEBG 'redis' stdout output:
101:S 19 Jun 2026 16:40:06.953 # Error condition on socket for SYNC: (null)

2026-06-19 16:40:07,761 DEBG 'redis' stdout output:
101:S 19 Jun 2026 16:40:07.760 * Connecting to MASTER 172.20.0.10:6379
101:S 19 Jun 2026 16:40:07.761 * MASTER <-> REPLICA sync started

2026-06-19 16:40:10,108 DEBG 'redis' stdout output:
101:S 19 Jun 2026 16:40:10.107 # Error condition on socket for SYNC: (null)

2026-06-19 16:40:11,031 DEBG 'redis' stdout output:
101:S 19 Jun 2026 16:40:11.030 * Connecting to MASTER 172.20.0.10:6379
101:S 19 Jun 2026 16:40:11.031 * MASTER <-> REPLICA sync started

2026-06-19 16:40:13,204 DEBG 'sentinel' stdout output:
102:X 19 Jun 2026 16:40:13.203 # +new-epoch 5

2026-06-19 16:40:13,217 DEBG 'sentinel' stdout output:
102:X 19 Jun 2026 16:40:13.217 # +vote-for-leader b00fbc99a46e9ab69da2ef91a6bf755e45ed07e0 5

2026-06-19 16:40:13,223 DEBG 'redis' stdout output:
101:S 19 Jun 2026 16:40:13.223 # Error condition on socket for SYNC: (null)

2026-06-19 16:40:13,240 DEBG 'sentinel' stdout output:
102:X 19 Jun 2026 16:40:13.239 # Next failover delay: I will not start a failover before Fri Jun 19 16:40:34 2026

2026-06-19 16:40:14,191 DEBG 'redis' stdout output:
101:S 19 Jun 2026 16:40:14.176 * Connecting to MASTER 172.20.0.10:6379
101:S 19 Jun 2026 16:40:14.177 * MASTER <-> REPLICA sync started

2026-06-19 16:40:16,329 DEBG 'redis' stdout output:
101:S 19 Jun 2026 16:40:16.328 # Error condition on socket for SYNC: (null)
101:S 19 Jun 2026 16:40:16.328 * Connecting to MASTER 172.20.0.10:6379
101:S 19 Jun 2026 16:40:16.329 * MASTER <-> REPLICA sync started

2026-06-19 16:40:19,434 DEBG 'redis' stdout output:
101:S 19 Jun 2026 16:40:19.432 # Error condition on socket for SYNC: (null)

2026-06-19 16:40:19,592 DEBG 'redis' stdout output:
101:S 19 Jun 2026 16:40:19.592 * Connecting to MASTER 172.20.0.10:6379
101:S 19 Jun 2026 16:40:19.592 * MASTER <-> REPLICA sync started

2026-06-19 16:40:22,705 DEBG 'redis' stdout output:
101:S 19 Jun 2026 16:40:22.693 # Error condition on socket for SYNC: (null)

2026-06-19 16:40:22,734 DEBG 'redis' stdout output:
101:S 19 Jun 2026 16:40:22.734 * Connecting to MASTER 172.20.0.10:6379
101:S 19 Jun 2026 16:40:22.734 * MASTER <-> REPLICA sync started

2026-06-19 16:40:25,764 DEBG 'redis' stdout output:
101:S 19 Jun 2026 16:40:25.764 # Error condition on socket for SYNC: (null)

2026-06-19 16:40:25,856 DEBG 'redis' stdout output:
101:S 19 Jun 2026 16:40:25.856 * Connecting to MASTER 172.20.0.10:6379
101:S 19 Jun 2026 16:40:25.856 * MASTER <-> REPLICA sync started

2026-06-19 16:40:28,845 DEBG 'redis' stdout output:
101:S 19 Jun 2026 16:40:28.842 # Error condition on socket for SYNC: (null)

2026-06-19 16:40:29,045 DEBG 'redis' stdout output:
101:S 19 Jun 2026 16:40:29.044 * Connecting to MASTER 172.20.0.10:6379
101:S 19 Jun 2026 16:40:29.045 * MASTER <-> REPLICA sync started

2026-06-19 16:40:31,914 DEBG 'redis' stdout output:
101:S 19 Jun 2026 16:40:31.913 # Error condition on socket for SYNC: (null)

2026-06-19 16:40:32,227 DEBG 'redis' stdout output:
101:S 19 Jun 2026 16:40:32.220 * Connecting to MASTER 172.20.0.10:6379
101:S 19 Jun 2026 16:40:32.221 * MASTER <-> REPLICA sync started

2026-06-19 16:40:34,253 DEBG 'sentinel' stdout output:
102:X 19 Jun 2026 16:40:34.253 # +new-epoch 6

2026-06-19 16:40:34,262 DEBG 'sentinel' stdout output:
102:X 19 Jun 2026 16:40:34.261 # +vote-for-leader b00fbc99a46e9ab69da2ef91a6bf755e45ed07e0 6
102:X 19 Jun 2026 16:40:34.262 # Next failover delay: I will not start a failover before Fri Jun 19 16:40:54 2026

2026-06-19 16:40:35,001 DEBG 'redis' stdout output:
101:S 19 Jun 2026 16:40:34.991 # Error condition on socket for SYNC: (null)

2026-06-19 16:40:35,327 DEBG 'redis' stdout output:
101:S 19 Jun 2026 16:40:35.322 * Connecting to MASTER 172.20.0.10:6379

2026-06-19 16:40:35,333 DEBG 'redis' stdout output:
101:S 19 Jun 2026 16:40:35.329 * MASTER <-> REPLICA sync started

2026-06-19 16:40:38,118 DEBG 'redis' stdout output:
101:S 19 Jun 2026 16:40:38.117 # Error condition on socket for SYNC: (null)

2026-06-19 16:40:38,500 DEBG 'redis' stdout output:
101:S 19 Jun 2026 16:40:38.498 * Connecting to MASTER 172.20.0.10:6379
101:S 19 Jun 2026 16:40:38.499 * MASTER <-> REPLICA sync started

2026-06-19 16:40:41,313 DEBG 'redis' stdout output:
101:S 19 Jun 2026 16:40:41.310 # Error condition on socket for SYNC: (null)

2026-06-19 16:40:41,646 DEBG 'redis' stdout output:
101:S 19 Jun 2026 16:40:41.641 * Connecting to MASTER 172.20.0.10:6379
101:S 19 Jun 2026 16:40:41.642 * MASTER <-> REPLICA sync started

2026-06-19 16:40:44,403 DEBG 'redis' stdout output:
101:S 19 Jun 2026 16:40:44.402 # Error condition on socket for SYNC: (null)

2026-06-19 16:40:44,835 DEBG 'redis' stdout output:
101:S 19 Jun 2026 16:40:44.833 * Connecting to MASTER 172.20.0.10:6379
101:S 19 Jun 2026 16:40:44.835 * MASTER <-> REPLICA sync started

2026-06-19 16:40:47,525 DEBG 'redis' stdout output:
101:S 19 Jun 2026 16:40:47.524 # Error condition on socket for SYNC: (null)

2026-06-19 16:40:47,969 DEBG 'redis' stdout output:
101:S 19 Jun 2026 16:40:47.969 * Connecting to MASTER 172.20.0.10:6379
101:S 19 Jun 2026 16:40:47.969 * MASTER <-> REPLICA sync started

2026-06-19 16:40:50,598 DEBG 'redis' stdout output:
101:S 19 Jun 2026 16:40:50.596 # Error condition on socket for SYNC: (null)

2026-06-19 16:40:51,110 DEBG 'redis' stdout output:
101:S 19 Jun 2026 16:40:51.110 * Connecting to MASTER 172.20.0.10:6379
101:S 19 Jun 2026 16:40:51.110 * MASTER <-> REPLICA sync started

